// Jest Snapshot v1, https://goo.gl/fbAQLP

exports[`Home match snapshot 1`] = `
<div
  className="sc-bdVaJa eIxvgw"
>
  Homepage
</div>
`;
