// Jest Snapshot v1, https://goo.gl/fbAQLP

exports[`PhotoList match snapshot 1`] = `
<div
  className="sc-bdVaJa foRpMy"
/>
`;
